SQL> --사용자 기억이 안난다 해결책 딕셔너리 확인해보자
SQL> --수백여가지의 딕셔너리 중 어떤 시스템 테이블을 조회? user_시작하는 테이블
SQL> --주석 정정 : 현재 사용자가 시스템 계정이므로 dba_ 로 시작하는 테이블 조회 가능
SQL> desc dba_users;
 Name                                      Null?    Type
 ----------------------------------------- -------- ----------------------------
 USERNAME                                  NOT NULL VARCHAR2(30)
 USER_ID                                   NOT NULL NUMBER
 PASSWORD                                           VARCHAR2(30)
 ACCOUNT_STATUS                            NOT NULL VARCHAR2(32)
 LOCK_DATE                                          DATE
 EXPIRY_DATE                                        DATE
 DEFAULT_TABLESPACE                        NOT NULL VARCHAR2(30)
 TEMPORARY_TABLESPACE                      NOT NULL VARCHAR2(30)
 CREATED                                   NOT NULL DATE
 PROFILE                                   NOT NULL VARCHAR2(30)
 INITIAL_RSRC_CONSUMER_GROUP                        VARCHAR2(30)
 EXTERNAL_NAME                                      VARCHAR2(4000)
 PASSWORD_VERSIONS                                  VARCHAR2(8)
 EDITIONS_ENABLED                                   VARCHAR2(1)
 AUTHENTICATION_TYPE                                VARCHAR2(8)

SQL> select username from dba_users;

USERNAME                                                                        
------------------------------------------------------------                    
SYS                                                                             
SYSTEM                                                                          
ANONYMOUS                                                                       
FRONT                                                                           
ADAM                                                                            
NODE                                                                            
APEX_PUBLIC_USER                                                                
FLOWS_FILES                                                                     
APEX_040000                                                                     
OUTLN                                                                           
DIP                                                                             

USERNAME                                                                        
------------------------------------------------------------                    
ORACLE_OCM                                                                      
XS$NULL                                                                         
MDSYS                                                                           
CTXSYS                                                                          
DBSNMP                                                                          
XDB                                                                             
APPQOSSYS                                                                       
HR                                                                              

19 rows selected.

SQL> --node 사용자 계정으로 접속
SQL> conn node/node
Connected.
SQL> show user
USER is "NODE"
SQL> ed
Wrote file afiedt.buf

  1  create table notice(
  2    notice_id number primary key
  3    , title varchar(100)
  4    , writer varchar(20)
  5    , content clob
  6    , regdate date defalult sysdate
  7    , hit number default 0
  8* )
SQL> /
  , regdate date defalult sysdate
                 *
ERROR at line 6:
ORA-00907: missing right parenthesis 


SQL> ed
Wrote file afiedt.buf

  1  create  table  notice(
  2     notice_id  number  primary key 
  3    , title varchar(100)
  4    , writer varchar(20)
  5    , content  clob 
  6    , regdate  date default sysdate 
  7    , hit number  default 0
  8* )
SQL> /

Table created.

SQL> ed
Wrote file afiedt.buf

  1  create  table  comments(
  2     comments_id  number  primary key 
  3    , news_id  number
  4    , msg  varchar(100)
  5    , author  varchar(20)
  6    , writeday  date  default sysdate 
  7    , constraint  fk_newscomments  foreign key (news_id) references news(news_id)
  8* )
SQL> /
  , constraint  fk_newscomments  foreign key (news_id) references news(news_id)
                                                                  *
ERROR at line 7:
ORA-00942: table or view does not exist 


SQL> ed
Wrote file afiedt.buf

  1  create  table  comments(
  2     comments_id  number  primary key 
  3    , news_id  number
  4    , msg  varchar(100)
  5    , author  varchar(20)
  6    , writeday  date  default sysdate 
  7    , constraint  fk_newscomments  foreign key (news_id) references news(news_id)
  8* )
SQL> /
  , constraint  fk_newscomments  foreign key (news_id) references news(news_id)
                                                                  *
ERROR at line 7:
ORA-00942: table or view does not exist 


SQL> drop table notice;

Table dropped.

SQL> ed
Wrote file afiedt.buf

  1  create  table  news(
  2     news_id  number  primary key 
  3    , title varchar(100)
  4    , writer varchar(20)
  5    , content  clob 
  6    , regdate  date default sysdate 
  7    , hit number  default 0
  8* )
SQL> /

Table created.

SQL> select table_name from user_tables;

TABLE_NAME                                                                      
------------------------------------------------------------                    
NEWS                                                                            

SQL> create  table  comments(
  2     comments_id  number  primary key
  3    , news_id  number
  4    , msg  varchar(100)
  5    , author  varchar(20)
  6    , writeday  date  default sysdate
  7    , constraint  fk_newscomments  foreign key (news_id) references news(news_id)
  8  )
  9  /

Table created.

SQL> select table_name from user_tables;

TABLE_NAME                                                                      
------------------------------------------------------------                    
NEWS                                                                            
COMMENTS                                                                        

SQL> create sequence seq_news
  2  increment by 1
  3  start with 1;

Sequence created.

SQL> create sequence seq_comments
  2  increment by 1
  3  start with 1;

Sequence created.

SQL> --시퀀스 조회
SQL> insert into news(news_id, title) values(seq_news, nextval, 'test');
insert into news(news_id, title) values(seq_news, nextval, 'test')
            *
ERROR at line 1:
ORA-00913: too many values 


SQL> insert into news(news_id, title) values(seq_news, nextval,'test');
insert into news(news_id, title) values(seq_news, nextval,'test')
            *
ERROR at line 1:
ORA-00913: too many values 


SQL> insert into news(news_id, title) values(seq_news,nextval,'test');
insert into news(news_id, title) values(seq_news,nextval,'test')
            *
ERROR at line 1:
ORA-00913: too many values 


SQL> select seq_news,currval from dual;
select seq_news,currval from dual
                *
ERROR at line 1:
ORA-00904: "CURRVAL": invalid identifier 


SQL> desc dual;
 Name                                      Null?    Type
 ----------------------------------------- -------- ----------------------------
 DUMMY                                              VARCHAR2(1)

SQL> select * from dual;

DU                                                                              
--                                                                              
X                                                                               

SQL> --더미테이블이 필요한 이유
SQL> select seq_news,currval from dual;
select seq_news,currval from dual
                *
ERROR at line 1:
ORA-00904: "CURRVAL": invalid identifier 


SQL> --현재 세션에서 insert가 발생한 직후에 조회 가능
SQL> select news_id, title from news;

no rows selected

SQL> select news_id, title from news;

no rows selected

SQL> select news_id, title from news;

no rows selected

SQL> select news_id, title from news;

   NEWS_ID                                                                      
----------                                                                      
TITLE                                                                           
--------------------------------------------------------------------------------
         2                                                                      
너굴너굴                                                                        
                                                                                

SQL> select news_id, title from news;

   NEWS_ID                                                                      
----------                                                                      
TITLE                                                                           
--------------------------------------------------------------------------------
         2                                                                      
너굴너굴                                                                        
                                                                                
         3                                                                      
cat                                                                             
                                                                                
         4                                                                      
cat                                                                             
                                                                                

   NEWS_ID                                                                      
----------                                                                      
TITLE                                                                           
--------------------------------------------------------------------------------
         5                                                                      
cat                                                                             
                                                                                
         6                                                                      
cat                                                                             
                                                                                

SQL> delete from news;

5 rows deleted.

SQL> commit;

Commit complete.

SQL> desc comments;
 Name                                      Null?    Type
 ----------------------------------------- -------- ----------------------------
 COMMENTS_ID                               NOT NULL NUMBER
 NEWS_ID                                            NUMBER
 MSG                                                VARCHAR2(100)
 AUTHOR                                             VARCHAR2(20)
 WRITEDAY                                           DATE

SQL> select * from comments;

COMMENTS_ID    NEWS_ID                                                          
----------- ----------                                                          
MSG                                                                             
--------------------------------------------------------------------------------
AUTHOR                                   WRITEDAY                               
---------------------------------------- --------                               
          1          9                                                          
루루 야옹야옹                                                                   
디디                                     21/04/12                               
                                                                                

SQL> set line 300
SQL> select * from comments;

COMMENTS_ID    NEWS_ID MSG                                                                                                                                                                                                      AUTHOR                                   WRITEDAY                           
----------- ---------- -------------------------------------------------------------------------------------------------------------------------------------------------------------------------------------------------------- ---------------------------------------- --------                           
          1          9 루루 야옹야옹                                                                                                                                                                                            디디                                     21/04/12                           

SQL> select * from comments;

COMMENTS_ID    NEWS_ID MSG                                                                                                                                                                                                      AUTHOR                                   WRITEDAY                           
----------- ---------- -------------------------------------------------------------------------------------------------------------------------------------------------------------------------------------------------------- ---------------------------------------- --------                           
          2          9 루루                                                                                                                                                                                                     디디                                     21/04/12                           
          1          9 루루 야옹야옹                                                                                                                                                                                            디디                                     21/04/12                           
          3          9 루루 야옹야옹                                                                                                                                                                                            디디야옹야옹                             21/04/12                           

SQL> spool off
